// Jest Snapshot v1, https://goo.gl/fbAQLP

exports[`Welcome snapshot testing welcome renders as expected 1`] = `
Object {
  "asFragment": [Function],
  "baseElement": <body>
    <div>
      <div
        class="row"
      >
        <h1
          class="title"
          data-testid="welcome.title"
          style="color: red; text-align: center;"
        >
          mock-title
        </h1>
        <div>
          <h1
            class="text-muted fs-1"
            data-testid="example.message"
          >
            0
          </h1>
        </div>
        <button
          class="btn default mx-1"
          data-testid="welcome.resetButton"
          type="default"
        >
          Reset
        </button>
        <button
          class="btn danger mx-1"
          data-testid="welcome.addButton"
          type="danger"
        >
          Add
        </button>
        <button
          class="btn warning mx-1"
          data-testid="welcome.minusButton"
          type="warning"
        >
          Minus
        </button>
      </div>
    </div>
  </body>,
  "container": <div>
    <div
      class="row"
    >
      <h1
        class="title"
        data-testid="welcome.title"
        style="color: red; text-align: center;"
      >
        mock-title
      </h1>
      <div>
        <h1
          class="text-muted fs-1"
          data-testid="example.message"
        >
          0
        </h1>
      </div>
      <button
        class="btn default mx-1"
        data-testid="welcome.resetButton"
        type="default"
      >
        Reset
      </button>
      <button
        class="btn danger mx-1"
        data-testid="welcome.addButton"
        type="danger"
      >
        Add
      </button>
      <button
        class="btn warning mx-1"
        data-testid="welcome.minusButton"
        type="warning"
      >
        Minus
      </button>
    </div>
  </div>,
  "debug": [Function],
  "findAllByAltText": [Function],
  "findAllByDisplayValue": [Function],
  "findAllByLabelText": [Function],
  "findAllByPlaceholderText": [Function],
  "findAllByRole": [Function],
  "findAllByTestId": [Function],
  "findAllByText": [Function],
  "findAllByTitle": [Function],
  "findByAltText": [Function],
  "findByDisplayValue": [Function],
  "findByLabelText": [Function],
  "findByPlaceholderText": [Function],
  "findByRole": [Function],
  "findByTestId": [Function],
  "findByText": [Function],
  "findByTitle": [Function],
  "getAllByAltText": [Function],
  "getAllByDisplayValue": [Function],
  "getAllByLabelText": [Function],
  "getAllByPlaceholderText": [Function],
  "getAllByRole": [Function],
  "getAllByTestId": [Function],
  "getAllByText": [Function],
  "getAllByTitle": [Function],
  "getByAltText": [Function],
  "getByDisplayValue": [Function],
  "getByLabelText": [Function],
  "getByPlaceholderText": [Function],
  "getByRole": [Function],
  "getByTestId": [Function],
  "getByText": [Function],
  "getByTitle": [Function],
  "queryAllByAltText": [Function],
  "queryAllByDisplayValue": [Function],
  "queryAllByLabelText": [Function],
  "queryAllByPlaceholderText": [Function],
  "queryAllByRole": [Function],
  "queryAllByTestId": [Function],
  "queryAllByText": [Function],
  "queryAllByTitle": [Function],
  "queryByAltText": [Function],
  "queryByDisplayValue": [Function],
  "queryByLabelText": [Function],
  "queryByPlaceholderText": [Function],
  "queryByRole": [Function],
  "queryByTestId": [Function],
  "queryByText": [Function],
  "queryByTitle": [Function],
  "rerender": [Function],
  "unmount": [Function],
}
`;
